---
source: src/message.rs
expression: "Notice { zone: Zone::Outside }.to_string()"
---
jj-workspace-guard: you are outside any jj repo.

Reading, searching and machine tools (aws, chezmoi, claude, gh, gpuq, kubectl, op-agent, ssh, zellij) are fine here. Project work happens in a jj repo; `cd` into the repo the work belongs to (the Bash tool keeps that directory), clone it with `jj git clone <url> <dir>`, or start one with `mkdir -p <dir> && cd <dir> && jj git init` (both colocated by default; add `--no-colocate` for a repo only agents use, such as a scratch repo for one-off tasks). Your instructions say where repos and scratch work belong. Outside a repo, edits and writes are allowed only in temporary folders and Claude's memory.
